// Jest Snapshot v1, https://goo.gl/fbAQLP

exports[`<Pagination /> should render correctly 1`] = `
<div>
  <div
    class="chakra-stack css-1fjzvpp"
  >
    <div
      class="css-0"
    >
      <strong>
        1
      </strong>
       -
       
      <strong>
        10
      </strong>
       
      de 
      <strong>
        30
      </strong>
    </div>
    <div
      class="chakra-stack css-wta9zy"
    >
      <button
        class="chakra-button css-1jw1j19"
        disabled=""
        type="button"
      >
        1
      </button>
      <button
        class="chakra-button css-u30hwm"
        type="button"
      >
        2
      </button>
      <button
        class="chakra-button css-u30hwm"
        type="button"
      >
        3
      </button>
    </div>
  </div>
</div>
`;
